Skipping image OS validation for hb__3587ab07f76e85e347ad0695aa30725c: docker inspect returned 1
Parser warnings: - Extra text detected before JSON object
- Extra text detected after JSON object
Trajectory dumped to jobs/intelehealth-verify-v3-gpt/case-3945b6__h87j6sq/agent/trajectory.json
Parser warnings: - Extra text detected before JSON object
- Extra text detected after JSON object
Trajectory dumped to jobs/intelehealth-verify-v3-gpt/case-3945b6__h87j6sq/agent/trajectory.json
Parser warnings: - Extra text detected before JSON object
- Extra text detected after JSON object
Trajectory dumped to jobs/intelehealth-verify-v3-gpt/case-3945b6__h87j6sq/agent/trajectory.json
Parser warnings: - Extra text detected before JSON object
- Extra text detected after JSON object
Trajectory dumped to jobs/intelehealth-verify-v3-gpt/case-3945b6__h87j6sq/agent/trajectory.json
Parser warnings: - Extra text detected before JSON object
- Extra text detected after JSON object
Trajectory dumped to jobs/intelehealth-verify-v3-gpt/case-3945b6__h87j6sq/agent/trajectory.json
Parser warnings: - Extra text detected before JSON object
- Extra text detected after JSON object
Parser warnings: - Extra text detected before JSON object
- Extra text detected after JSON object
Trajectory dumped to jobs/intelehealth-verify-v3-gpt/case-3945b6__h87j6sq/agent/trajectory.json
Trajectory dumped to jobs/intelehealth-verify-v3-gpt/case-3945b6__h87j6sq/agent/trajectory.json
Collecting main service artifacts
Skipping image OS validation for hb__188bacd36c3f539d3e620d922091ebd0: docker inspect returned 1
