Skipping image OS validation for hb__ad8c00c2c459a3444aa159c886de6a82: docker inspect returned 1
Parser warnings: - Extra text detected before JSON object
- Extra text detected after JSON object
Trajectory dumped to jobs/intelehealth-verify-v3-gpt/case-e54061__7xjXFPx/agent/trajectory.json
Parser warnings: - Extra text detected before JSON object
- Extra text detected after JSON object
Trajectory dumped to jobs/intelehealth-verify-v3-gpt/case-e54061__7xjXFPx/agent/trajectory.json
Parser warnings: - Extra text detected before JSON object
- Extra text detected after JSON object
Trajectory dumped to jobs/intelehealth-verify-v3-gpt/case-e54061__7xjXFPx/agent/trajectory.json
Parser warnings: - Extra text detected before JSON object
- Extra text detected after JSON object
Trajectory dumped to jobs/intelehealth-verify-v3-gpt/case-e54061__7xjXFPx/agent/trajectory.json
Parser warnings: - Extra text detected before JSON object
- Extra text detected after JSON object
Parser warnings: - Extra text detected before JSON object
- Extra text detected after JSON object
Trajectory dumped to jobs/intelehealth-verify-v3-gpt/case-e54061__7xjXFPx/agent/trajectory.json
Trajectory dumped to jobs/intelehealth-verify-v3-gpt/case-e54061__7xjXFPx/agent/trajectory.json
Collecting main service artifacts
Skipping image OS validation for hb__2c70cb678c01cac203938ec45ca621f2: docker inspect returned 1
