Skipping image OS validation for hb__b36a81f20ba95c23e219f8249b5d3f3d: docker inspect returned 1
Parser warnings: - Extra text detected before JSON object
- Extra text detected after JSON object
Trajectory dumped to jobs/intelehealth-verify-v3-gpt/case-f65172__gNLhgvT/agent/trajectory.json
Parser warnings: - Extra text detected before JSON object
- Extra text detected after JSON object
Trajectory dumped to jobs/intelehealth-verify-v3-gpt/case-f65172__gNLhgvT/agent/trajectory.json
Parser warnings: - Extra text detected before JSON object
- Extra text detected after JSON object
Trajectory dumped to jobs/intelehealth-verify-v3-gpt/case-f65172__gNLhgvT/agent/trajectory.json
Parser warnings: - Extra text detected before JSON object
- Extra text detected after JSON object
Trajectory dumped to jobs/intelehealth-verify-v3-gpt/case-f65172__gNLhgvT/agent/trajectory.json
Parser warnings: - Extra text detected before JSON object
- Extra text detected after JSON object
Parser warnings: - Extra text detected before JSON object
- Extra text detected after JSON object
Trajectory dumped to jobs/intelehealth-verify-v3-gpt/case-f65172__gNLhgvT/agent/trajectory.json
Parser warnings: - Extra text detected before JSON object
- Extra text detected after JSON object
Trajectory dumped to jobs/intelehealth-verify-v3-gpt/case-f65172__gNLhgvT/agent/trajectory.json
Trajectory dumped to jobs/intelehealth-verify-v3-gpt/case-f65172__gNLhgvT/agent/trajectory.json
Collecting main service artifacts
Skipping image OS validation for hb__2c6b30d79690a21951e87da9cfe29368: docker inspect returned 1
