Skipping image OS validation for hb__3587ab07f76e85e347ad0695aa30725c: docker inspect returned 1
Parser warnings: - Extra text detected before JSON object
- Extra text detected after JSON object
Trajectory dumped to jobs/intelehealth-verify-v3-gpt/case-2834a5__wkW9Kcu/agent/trajectory.json
Parser warnings: - Extra text detected before JSON object
- Extra text detected after JSON object
Trajectory dumped to jobs/intelehealth-verify-v3-gpt/case-2834a5__wkW9Kcu/agent/trajectory.json
Parser warnings: - Extra text detected before JSON object
- Extra text detected after JSON object
Trajectory dumped to jobs/intelehealth-verify-v3-gpt/case-2834a5__wkW9Kcu/agent/trajectory.json
Parser warnings: - Extra text detected before JSON object
- Extra text detected after JSON object
Trajectory dumped to jobs/intelehealth-verify-v3-gpt/case-2834a5__wkW9Kcu/agent/trajectory.json
Parser warnings: - Extra text detected before JSON object
- Extra text detected after JSON object
Trajectory dumped to jobs/intelehealth-verify-v3-gpt/case-2834a5__wkW9Kcu/agent/trajectory.json
Parser warnings: - Extra text detected before JSON object
- Extra text detected after JSON object
Trajectory dumped to jobs/intelehealth-verify-v3-gpt/case-2834a5__wkW9Kcu/agent/trajectory.json
Parser warnings: - Extra text detected before JSON object
- Extra text detected after JSON object
Trajectory dumped to jobs/intelehealth-verify-v3-gpt/case-2834a5__wkW9Kcu/agent/trajectory.json
Trajectory dumped to jobs/intelehealth-verify-v3-gpt/case-2834a5__wkW9Kcu/agent/trajectory.json
Collecting main service artifacts
Skipping image OS validation for hb__4ec79d78da1a4963876eb2f4f466f392: docker inspect returned 1
